2021-09-22 00:40:51,550 : DEBUG : Start of the program
2021-09-22 00:40:51,550 : INFO : Doing something
2021-09-22 00:40:51,550 : WARNING : Dying now
